Time resolution is 1 ps
UVM_INFO /tools/Xilinx/Vivado/2023.2/data/system_verilog/uvm_1.2/xlnx_uvm_package.sv(18601) @ 0: reporter [UVM/RELNOTES] 
----------------------------------------------------------------
UVM-1.2
(C) 2007-2014 Mentor Graphics Corporation
(C) 2007-2014 Cadence Design Systems, Inc.
(C) 2006-2014 Synopsys, Inc.
(C) 2011-2013 Cypress Semiconductor Corp.
(C) 2013-2014 NVIDIA Corporation
----------------------------------------------------------------

  ***********       IMPORTANT RELEASE NOTES         ************

  You are using a version of the UVM library that has been compiled
  with `UVM_NO_DEPRECATED undefined.

  You are using a version of the UVM library that has been compiled
  with `UVM_OBJECT_DO_NOT_NEED_CONSTRUCTOR undefined.

      (Specify +UVM_NO_RELNOTES to turn off this notice)

UVM_INFO @ 0: reporter [RNTST] Running test test...
UVM_INFO /tools/Xilinx/Vivado/2023.2/data/system_verilog/uvm_1.2/xlnx_uvm_package.sv(20867) @ 0: reporter [UVM/COMP/NAMECHECK] This implementation of the component name checks requires DPI to be enabled
------------------------------
UVM_INFO /media/nisitha/My_Passport/MOODLE/UVM_course_projects/uvm_axi_mem/uvm_axi_mem.srcs/sim_1/new/tb.sv(173) @ 0: uvm_test_top.env.a.seqr@@vwrrdwrap [SEQ] Sending WRAP mode Transaction to DRV
UVM_INFO /media/nisitha/My_Passport/MOODLE/UVM_course_projects/uvm_axi_mem/uvm_axi_mem.srcs/sim_1/new/tb.sv(588) @ 0: uvm_test_top.env.a.d [DRV] WRAP Mode Write -> Read WLEN:8 WSIZE:2
UVM_INFO /media/nisitha/My_Passport/MOODLE/UVM_course_projects/uvm_axi_mem/uvm_axi_mem.srcs/sim_1/new/tb.sv(422) @ 0: uvm_test_top.env.a.d [DRV] WRAP Mode Write Transaction Started
UVM_INFO /media/nisitha/My_Passport/MOODLE/UVM_course_projects/uvm_axi_mem/uvm_axi_mem.srcs/sim_1/new/tb.sv(471) @ 345000: uvm_test_top.env.a.d [DRV] WRAP Mode Read Transaction Started
UVM_INFO /media/nisitha/My_Passport/MOODLE/UVM_course_projects/uvm_axi_mem/uvm_axi_mem.srcs/sim_1/new/tb.sv(641) @ 595000: uvm_test_top.env.a.m [MON] Test Passed err :0 wrresp :0 rdresp :0 
------------------------------
UVM_INFO /tools/Xilinx/Vivado/2023.2/data/system_verilog/uvm_1.2/xlnx_uvm_package.sv(19968) @ 625000: reporter [TEST_DONE] 'run' phase is ready to proceed to the 'extract' phase
UVM_INFO /tools/Xilinx/Vivado/2023.2/data/system_verilog/uvm_1.2/xlnx_uvm_package.sv(13673) @ 625000: reporter [UVM/REPORT/SERVER] 
--- UVM Report Summary ---

** Report counts by severity
UVM_INFO :    9
UVM_WARNING :    0
UVM_ERROR :    0
UVM_FATAL :    0
** Report counts by id
[DRV]     3
[MON]     1
[RNTST]     1
[SEQ]     1
[TEST_DONE]     1
[UVM/COMP/NAMECHECK]     1
[UVM/RELNOTES]     1

$finish called at time : 625 ns : File "/tools/Xilinx/Vivado/2023.2/data/system_verilog/uvm_1.2/xlnx_uvm_package.sv" Line 18699
